// Jest Snapshot v1, https://goo.gl/fbAQLP

exports[`renders correctly 1`] = `
<Text
  style={
    [
      {
        "color": "#11181C",
      },
      {
        "fontSize": 14,
        "lineHeight": 18,
      },
      undefined,
      undefined,
      undefined,
      undefined,
      {
        "fontFamily": "Montserrat",
      },
    ]
  }
>
  Snapshot test!
</Text>
`;
